<html>
<body>
<pre>
<h1>µVision3 Build Log</h1>
<h2>Project:</h2>
D:\Source\Uv\cc2420\cc2420.uv2
Project File Date:  11/15/2011

<h2>Output:</h2>
Build target 'Target 1'
assembling Startup.s...
linking...
cc2420.axf: Warning: L6665W: Neither Lib$$Request$$armlib Lib$$Request$$cpplib defined, not searching ARM libraries.
cc2420.axf: Error: L6411W: No compatible library exists with a definition of startup symbol __main.
Target not created
Build target 'Target 1'
linking...
cc2420.axf: Warning: L6665W: Neither Lib$$Request$$armlib Lib$$Request$$cpplib defined, not searching ARM libraries.
cc2420.axf: Error: L6411W: No compatible library exists with a definition of startup symbol __main.
Target not created
Build target 'Target 1'
assembling Startup.s...
linking...
cc2420.axf: Warning: L6665W: Neither Lib$$Request$$armlib Lib$$Request$$cpplib defined, not searching ARM libraries.
cc2420.axf: Error: L6411W: No compatible library exists with a definition of startup symbol __main.
Target not created
Build target 'Target 1'
assembling Startup.s...
compiling main.c...
main.c(5): warning:  #1-D: last line of file ends without a newline
linking...
Program Size: Code=548 RO-data=16 RW-data=0 ZI-data=352  
"cc2420.axf" - 0 Error(s), 1 Warning(s).
Build target 'Target 1'
assembling Startup.s...
compiling main.c...
linking...
Program Size: Code=548 RO-data=16 RW-data=0 ZI-data=352  
"cc2420.axf" - 0 Error(s), 0 Warning(s).
Clean started: Project: 'cc2420'
   deleting intermediate output files for target 'Target 1'
